---
source: tests/unit_tests/io/msh.rs
expression: mesh
---
Mesh {
    vertices: [
        [
            0.0,
            0.0,
        ],
        [
            0.5,
            0.0,
        ],
        [
            0.5,
            0.5,
        ],
        [
            0.0,
            0.5,
        ],
        [
            0.25,
            0.0,
        ],
        [
            0.5,
            0.25,
        ],
        [
            0.25,
            0.5,
        ],
        [
            0.0,
            0.25,
        ],
        [
            0.25,
            0.25,
        ],
    ],
    connectivity: [
        Quad4d2Connectivity(
            [
                0,
                4,
                8,
                7,
            ],
        ),
        Quad4d2Connectivity(
            [
                4,
                1,
                5,
                8,
            ],
        ),
        Quad4d2Connectivity(
            [
                8,
                5,
                2,
                6,
            ],
        ),
        Quad4d2Connectivity(
            [
                7,
                8,
                6,
                3,
            ],
        ),
    ],
}
